stm32f4xx_it.c:92:6:NMI_Handler	0	static
stm32f4xx_it.c:105:6:HardFault_Handler	0	static
stm32f4xx_it.c:120:6:MemManage_Handler	0	static
stm32f4xx_it.c:135:6:BusFault_Handler	0	static
stm32f4xx_it.c:150:6:UsageFault_Handler	0	static
stm32f4xx_it.c:165:6:SVC_Handler	0	static
stm32f4xx_it.c:178:6:DebugMon_Handler	0	static
stm32f4xx_it.c:191:6:PendSV_Handler	0	static
stm32f4xx_it.c:204:6:SysTick_Handler	0	static
stm32f4xx_it.c:225:6:TIM2_IRQHandler	8	static
stm32f4xx_it.c:254:6:TIM3_IRQHandler	8	static
stm32f4xx_it.c:268:6:USART1_IRQHandler	0	static
stm32f4xx_it.c:282:6:TIM5_IRQHandler	8	static
stm32f4xx_it.c:296:6:DMA2_Stream4_IRQHandler	0	static
